------------------------------------------------------------
Timing Analyzer Summary
------------------------------------------------------------

Type  : Slow 1200mV 85C Model Setup 'RX_C3'
Slack : 0.775
TNS   : 0.000

Type  : Slow 1200mV 85C Model Setup 'FT_CLK'
Slack : 0.919
TNS   : 0.000

Type  : Slow 1200mV 85C Model Setup 'LMK_CLK'
Slack : 6.702
TNS   : 0.000

Type  : Slow 1200mV 85C Model Setup 'ONCHIP_FLASH_CLK'
Slack : 11.449
TNS   : 0.000

Type  : Slow 1200mV 85C Model Setup 'FPGA_SPI_SCLK_FPGA'
Slack : 18.690
TNS   : 0.000

Type  : Slow 1200mV 85C Model Setup 'DUAL_BOOT_CLK'
Slack : 19.079
TNS   : 0.000

Type  : Slow 1200mV 85C Model Setup 'FPGA_SPI_SCLK_out'
Slack : 31.671
TNS   : 0.000

Type  : Slow 1200mV 85C Model Setup 'altera_reserved_tck'
Slack : 45.883
TNS   : 0.000

Type  : Slow 1200mV 85C Model Hold 'LMK_CLK'
Slack : 0.172
TNS   : 0.000

Type  : Slow 1200mV 85C Model Hold 'RX_C3'
Slack : 0.274
TNS   : 0.000

Type  : Slow 1200mV 85C Model Hold 'FPGA_SPI_SCLK_FPGA'
Slack : 0.361
TNS   : 0.000

Type  : Slow 1200mV 85C Model Hold 'FT_CLK'
Slack : 0.362
TNS   : 0.000

Type  : Slow 1200mV 85C Model Hold 'altera_reserved_tck'
Slack : 0.363
TNS   : 0.000

Type  : Slow 1200mV 85C Model Hold 'DUAL_BOOT_CLK'
Slack : 1.805
TNS   : 0.000

Type  : Slow 1200mV 85C Model Hold 'ONCHIP_FLASH_CLK'
Slack : 4.898
TNS   : 0.000

Type  : Slow 1200mV 85C Model Hold 'FPGA_SPI_SCLK_out'
Slack : 34.424
TNS   : 0.000

Type  : Slow 1200mV 85C Model Recovery 'RX_C3'
Slack : 0.867
TNS   : 0.000

Type  : Slow 1200mV 85C Model Recovery 'FT_CLK'
Slack : 7.233
TNS   : 0.000

Type  : Slow 1200mV 85C Model Recovery 'LMK_CLK'
Slack : 7.806
TNS   : 0.000

Type  : Slow 1200mV 85C Model Recovery 'FPGA_SPI_SCLK_FPGA'
Slack : 19.739
TNS   : 0.000

Type  : Slow 1200mV 85C Model Recovery 'altera_reserved_tck'
Slack : 97.953
TNS   : 0.000

Type  : Slow 1200mV 85C Model Removal 'LMK_CLK'
Slack : 0.308
TNS   : 0.000

Type  : Slow 1200mV 85C Model Removal 'RX_C3'
Slack : 0.985
TNS   : 0.000

Type  : Slow 1200mV 85C Model Removal 'FT_CLK'
Slack : 1.028
TNS   : 0.000

Type  : Slow 1200mV 85C Model Removal 'FPGA_SPI_SCLK_FPGA'
Slack : 1.091
TNS   : 0.000

Type  : Slow 1200mV 85C Model Removal 'altera_reserved_tck'
Slack : 1.221
TNS   : 0.000

Type  : Slow 1200mV 85C Model Minimum Pulse Width 'DUAL_BOOT_CLK'
Slack : 0.000
TNS   : 0.000

Type  : Slow 1200mV 85C Model Minimum Pulse Width 'LMS_MCLK2'
Slack : 3.099
TNS   : 0.000

Type  : Slow 1200mV 85C Model Minimum Pulse Width 'RX_C3'
Slack : 3.099
TNS   : 0.000

Type  : Slow 1200mV 85C Model Minimum Pulse Width 'LMS_FCLK1'
Slack : 3.556
TNS   : 0.000

Type  : Slow 1200mV 85C Model Minimum Pulse Width 'LMS_FCLK2'
Slack : 3.556
TNS   : 0.000

Type  : Slow 1200mV 85C Model Minimum Pulse Width 'RX_C2'
Slack : 3.556
TNS   : 0.000

Type  : Slow 1200mV 85C Model Minimum Pulse Width 'TX_C0'
Slack : 3.556
TNS   : 0.000

Type  : Slow 1200mV 85C Model Minimum Pulse Width 'LMS_MCLK1'
Slack : 4.000
TNS   : 0.000

Type  : Slow 1200mV 85C Model Minimum Pulse Width 'FT_CLK'
Slack : 4.559
TNS   : 0.000

Type  : Slow 1200mV 85C Model Minimum Pulse Width 'LMK_CLK'
Slack : 10.434
TNS   : 0.000

Type  : Slow 1200mV 85C Model Minimum Pulse Width 'ONCHIP_FLASH_CLK'
Slack : 47.835
TNS   : 0.000

Type  : Slow 1200mV 85C Model Minimum Pulse Width 'FPGA_SPI_SCLK_FPGA'
Slack : 49.650
TNS   : 0.000

Type  : Slow 1200mV 85C Model Minimum Pulse Width 'altera_reserved_tck'
Slack : 49.720
TNS   : 0.000

Type  : Slow 1200mV 85C Model Minimum Pulse Width 'FPGA_SPI_SCLK'
Slack : 49.778
TNS   : 0.000

Type  : Slow 1200mV 85C Model Minimum Pulse Width 'FPGA_SPI_SCLK_out'
Slack : 95.556
TNS   : 0.000

Type  : Slow 1200mV 0C Model Setup 'RX_C3'
Slack : 0.987
TNS   : 0.000

Type  : Slow 1200mV 0C Model Setup 'FT_CLK'
Slack : 1.414
TNS   : 0.000

Type  : Slow 1200mV 0C Model Setup 'LMK_CLK'
Slack : 7.049
TNS   : 0.000

Type  : Slow 1200mV 0C Model Setup 'ONCHIP_FLASH_CLK'
Slack : 12.254
TNS   : 0.000

Type  : Slow 1200mV 0C Model Setup 'FPGA_SPI_SCLK_FPGA'
Slack : 19.044
TNS   : 0.000

Type  : Slow 1200mV 0C Model Setup 'DUAL_BOOT_CLK'
Slack : 19.236
TNS   : 0.000

Type  : Slow 1200mV 0C Model Setup 'FPGA_SPI_SCLK_out'
Slack : 31.864
TNS   : 0.000

Type  : Slow 1200mV 0C Model Setup 'altera_reserved_tck'
Slack : 46.052
TNS   : 0.000

Type  : Slow 1200mV 0C Model Hold 'LMK_CLK'
Slack : 0.089
TNS   : 0.000

Type  : Slow 1200mV 0C Model Hold 'RX_C3'
Slack : 0.251
TNS   : 0.000

Type  : Slow 1200mV 0C Model Hold 'FPGA_SPI_SCLK_FPGA'
Slack : 0.323
TNS   : 0.000

Type  : Slow 1200mV 0C Model Hold 'FT_CLK'
Slack : 0.324
TNS   : 0.000

Type  : Slow 1200mV 0C Model Hold 'altera_reserved_tck'
Slack : 0.324
TNS   : 0.000

Type  : Slow 1200mV 0C Model Hold 'DUAL_BOOT_CLK'
Slack : 1.570
TNS   : 0.000

Type  : Slow 1200mV 0C Model Hold 'ONCHIP_FLASH_CLK'
Slack : 4.304
TNS   : 0.000

Type  : Slow 1200mV 0C Model Hold 'FPGA_SPI_SCLK_out'
Slack : 34.237
TNS   : 0.000

Type  : Slow 1200mV 0C Model Recovery 'RX_C3'
Slack : 0.940
TNS   : 0.000

Type  : Slow 1200mV 0C Model Recovery 'FT_CLK'
Slack : 7.386
TNS   : 0.000

Type  : Slow 1200mV 0C Model Recovery 'LMK_CLK'
Slack : 8.119
TNS   : 0.000

Type  : Slow 1200mV 0C Model Recovery 'FPGA_SPI_SCLK_FPGA'
Slack : 19.941
TNS   : 0.000

Type  : Slow 1200mV 0C Model Recovery 'altera_reserved_tck'
Slack : 98.082
TNS   : 0.000

Type  : Slow 1200mV 0C Model Removal 'LMK_CLK'
Slack : 0.230
TNS   : 0.000

Type  : Slow 1200mV 0C Model Removal 'FPGA_SPI_SCLK_FPGA'
Slack : 0.887
TNS   : 0.000

Type  : Slow 1200mV 0C Model Removal 'RX_C3'
Slack : 0.902
TNS   : 0.000

Type  : Slow 1200mV 0C Model Removal 'FT_CLK'
Slack : 0.949
TNS   : 0.000

Type  : Slow 1200mV 0C Model Removal 'altera_reserved_tck'
Slack : 1.092
TNS   : 0.000

Type  : Slow 1200mV 0C Model Minimum Pulse Width 'DUAL_BOOT_CLK'
Slack : 0.000
TNS   : 0.000

Type  : Slow 1200mV 0C Model Minimum Pulse Width 'LMS_MCLK2'
Slack : 2.904
TNS   : 0.000

Type  : Slow 1200mV 0C Model Minimum Pulse Width 'RX_C3'
Slack : 3.099
TNS   : 0.000

Type  : Slow 1200mV 0C Model Minimum Pulse Width 'LMS_FCLK1'
Slack : 3.556
TNS   : 0.000

Type  : Slow 1200mV 0C Model Minimum Pulse Width 'LMS_FCLK2'
Slack : 3.556
TNS   : 0.000

Type  : Slow 1200mV 0C Model Minimum Pulse Width 'RX_C2'
Slack : 3.556
TNS   : 0.000

Type  : Slow 1200mV 0C Model Minimum Pulse Width 'TX_C0'
Slack : 3.556
TNS   : 0.000

Type  : Slow 1200mV 0C Model Minimum Pulse Width 'LMS_MCLK1'
Slack : 4.000
TNS   : 0.000

Type  : Slow 1200mV 0C Model Minimum Pulse Width 'FT_CLK'
Slack : 4.574
TNS   : 0.000

Type  : Slow 1200mV 0C Model Minimum Pulse Width 'LMK_CLK'
Slack : 10.458
TNS   : 0.000

Type  : Slow 1200mV 0C Model Minimum Pulse Width 'ONCHIP_FLASH_CLK'
Slack : 47.817
TNS   : 0.000

Type  : Slow 1200mV 0C Model Minimum Pulse Width 'FPGA_SPI_SCLK_FPGA'
Slack : 49.477
TNS   : 0.000

Type  : Slow 1200mV 0C Model Minimum Pulse Width 'FPGA_SPI_SCLK'
Slack : 49.599
TNS   : 0.000

Type  : Slow 1200mV 0C Model Minimum Pulse Width 'altera_reserved_tck'
Slack : 49.688
TNS   : 0.000

Type  : Slow 1200mV 0C Model Minimum Pulse Width 'FPGA_SPI_SCLK_out'
Slack : 95.556
TNS   : 0.000

Type  : Fast 1200mV 0C Model Setup 'RX_C3'
Slack : 0.814
TNS   : 0.000

Type  : Fast 1200mV 0C Model Setup 'FT_CLK'
Slack : 2.092
TNS   : 0.000

Type  : Fast 1200mV 0C Model Setup 'LMK_CLK'
Slack : 9.115
TNS   : 0.000

Type  : Fast 1200mV 0C Model Setup 'ONCHIP_FLASH_CLK'
Slack : 19.450
TNS   : 0.000

Type  : Fast 1200mV 0C Model Setup 'FPGA_SPI_SCLK_FPGA'
Slack : 22.140
TNS   : 0.000

Type  : Fast 1200mV 0C Model Setup 'DUAL_BOOT_CLK'
Slack : 22.192
TNS   : 0.000

Type  : Fast 1200mV 0C Model Setup 'FPGA_SPI_SCLK_out'
Slack : 33.580
TNS   : 0.000

Type  : Fast 1200mV 0C Model Setup 'altera_reserved_tck'
Slack : 48.270
TNS   : 0.000

Type  : Fast 1200mV 0C Model Hold 'LMK_CLK'
Slack : -0.062
TNS   : -0.100

Type  : Fast 1200mV 0C Model Hold 'RX_C3'
Slack : 0.096
TNS   : 0.000

Type  : Fast 1200mV 0C Model Hold 'FT_CLK'
Slack : 0.133
TNS   : 0.000

Type  : Fast 1200mV 0C Model Hold 'FPGA_SPI_SCLK_FPGA'
Slack : 0.151
TNS   : 0.000

Type  : Fast 1200mV 0C Model Hold 'altera_reserved_tck'
Slack : 0.152
TNS   : 0.000

Type  : Fast 1200mV 0C Model Hold 'DUAL_BOOT_CLK'
Slack : 0.434
TNS   : 0.000

Type  : Fast 1200mV 0C Model Hold 'ONCHIP_FLASH_CLK'
Slack : 0.953
TNS   : 0.000

Type  : Fast 1200mV 0C Model Hold 'FPGA_SPI_SCLK_out'
Slack : 34.754
TNS   : 0.000

Type  : Fast 1200mV 0C Model Recovery 'RX_C3'
Slack : 2.773
TNS   : 0.000

Type  : Fast 1200mV 0C Model Recovery 'FT_CLK'
Slack : 8.765
TNS   : 0.000

Type  : Fast 1200mV 0C Model Recovery 'LMK_CLK'
Slack : 10.572
TNS   : 0.000

Type  : Fast 1200mV 0C Model Recovery 'FPGA_SPI_SCLK_FPGA'
Slack : 22.858
TNS   : 0.000

Type  : Fast 1200mV 0C Model Recovery 'altera_reserved_tck'
Slack : 99.063
TNS   : 0.000

Type  : Fast 1200mV 0C Model Removal 'LMK_CLK'
Slack : 0.188
TNS   : 0.000

Type  : Fast 1200mV 0C Model Removal 'FPGA_SPI_SCLK_FPGA'
Slack : 0.282
TNS   : 0.000

Type  : Fast 1200mV 0C Model Removal 'RX_C3'
Slack : 0.409
TNS   : 0.000

Type  : Fast 1200mV 0C Model Removal 'FT_CLK'
Slack : 0.425
TNS   : 0.000

Type  : Fast 1200mV 0C Model Removal 'altera_reserved_tck'
Slack : 0.495
TNS   : 0.000

Type  : Fast 1200mV 0C Model Minimum Pulse Width 'DUAL_BOOT_CLK'
Slack : 0.000
TNS   : 0.000

Type  : Fast 1200mV 0C Model Minimum Pulse Width 'LMS_MCLK2'
Slack : 3.087
TNS   : 0.000

Type  : Fast 1200mV 0C Model Minimum Pulse Width 'RX_C3'
Slack : 3.639
TNS   : 0.000

Type  : Fast 1200mV 0C Model Minimum Pulse Width 'TX_C0'
Slack : 3.665
TNS   : 0.000

Type  : Fast 1200mV 0C Model Minimum Pulse Width 'RX_C2'
Slack : 3.676
TNS   : 0.000

Type  : Fast 1200mV 0C Model Minimum Pulse Width 'LMS_FCLK1'
Slack : 4.000
TNS   : 0.000

Type  : Fast 1200mV 0C Model Minimum Pulse Width 'LMS_FCLK2'
Slack : 4.000
TNS   : 0.000

Type  : Fast 1200mV 0C Model Minimum Pulse Width 'LMS_MCLK1'
Slack : 4.000
TNS   : 0.000

Type  : Fast 1200mV 0C Model Minimum Pulse Width 'FT_CLK'
Slack : 4.261
TNS   : 0.000

Type  : Fast 1200mV 0C Model Minimum Pulse Width 'LMK_CLK'
Slack : 10.247
TNS   : 0.000

Type  : Fast 1200mV 0C Model Minimum Pulse Width 'ONCHIP_FLASH_CLK'
Slack : 47.975
TNS   : 0.000

Type  : Fast 1200mV 0C Model Minimum Pulse Width 'FPGA_SPI_SCLK_FPGA'
Slack : 49.631
TNS   : 0.000

Type  : Fast 1200mV 0C Model Minimum Pulse Width 'altera_reserved_tck'
Slack : 49.701
TNS   : 0.000

Type  : Fast 1200mV 0C Model Minimum Pulse Width 'FPGA_SPI_SCLK'
Slack : 49.817
TNS   : 0.000

Type  : Fast 1200mV 0C Model Minimum Pulse Width 'FPGA_SPI_SCLK_out'
Slack : 96.000
TNS   : 0.000

------------------------------------------------------------
